==========================================
SLURM_CLUSTER_NAME = paramrudra
SLURM_ARRAY_JOB_ID = 
SLURM_ARRAY_TASK_ID = 
SLURM_ARRAY_TASK_COUNT = 
SLURM_ARRAY_TASK_MAX = 
SLURM_ARRAY_TASK_MIN = 
SLURM_JOB_ACCOUNT = iitk
SLURM_JOB_ID = 3062
SLURM_JOB_NAME = P32_M262k
SLURM_JOB_NODELIST = rdcn[25-26]
SLURM_JOB_USER = iitk_38
SLURM_JOB_UID = 55339
SLURM_JOB_PARTITION = cpu
SLURM_TASK_PID = 852181
SLURM_SUBMIT_DIR = /home/iitk_38/assignment1
SLURM_CPUS_ON_NODE = 16
SLURM_NTASKS = 32
SLURM_TASK_PID = 852181
==========================================
99936.000000 1416360.081587 0.734479
99936.000000 1416360.081587 0.770077
99936.000000 1416360.081587 0.813950
99936.000000 1416360.081587 0.830113
99936.000000 1416360.081587 0.839450

