==========================================
SLURM_CLUSTER_NAME = paramrudra
SLURM_ARRAY_JOB_ID = 
SLURM_ARRAY_TASK_ID = 
SLURM_ARRAY_TASK_COUNT = 
SLURM_ARRAY_TASK_MAX = 
SLURM_ARRAY_TASK_MIN = 
SLURM_JOB_ACCOUNT = iitk
SLURM_JOB_ID = 17712
SLURM_JOB_NAME = mpi_assignment2
SLURM_JOB_NODELIST = rdcn[30-31]
SLURM_JOB_USER = iitk_38
SLURM_JOB_UID = 55339
SLURM_JOB_PARTITION = cpu
SLURM_TASK_PID = 1272174
SLURM_SUBMIT_DIR = /home/iitk_38/assignment2
SLURM_CPUS_ON_NODE = 48
SLURM_NTASKS = 96
SLURM_TASK_PID = 1272174
==========================================

Configuration: Data Size = 120x120x120
Processes (P) = 32 | Grid = 4 x 4 x 2 | PPN = 32

--- Run 1 ---
312595 314158
68775 70425
14765 15091
2882 2762
462 506
0.524421
--- Run 2 ---
312595 314158
68775 70425
14765 15091
2882 2762
462 506
0.511252
--- Run 3 ---
312595 314158
68775 70425
14765 15091
2882 2762
462 506
0.516322
--- Run 4 ---
312595 314158
68775 70425
14765 15091
2882 2762
462 506
0.516679
--- Run 5 ---
312595 314158
68775 70425
14765 15091
2882 2762
462 506
0.516487


Configuration: Data Size = 120x120x120
Processes (P) = 48 | Grid = 6 x 4 x 2 | PPN = 48

--- Run 1 ---
312320 314000
68723 70335
14717 15041
2840 2728
432 476
0.580366
--- Run 2 ---
312320 314000
68723 70335
14717 15041
2840 2728
432 476
0.579550
--- Run 3 ---
312320 314000
68723 70335
14717 15041
2840 2728
432 476
0.580042
--- Run 4 ---
312320 314000
68723 70335
14717 15041
2840 2728
432 476
0.584054
--- Run 5 ---
312320 314000
68723 70335
14717 15041
2840 2728
432 476
0.583393


Configuration: Data Size = 120x120x120
Processes (P) = 64 | Grid = 4 x 4 x 4 | PPN = 32

--- Run 1 ---
312595 314158
68775 70425
14765 15091
2882 2762
462 506
0.589222
--- Run 2 ---
312595 314158
68775 70425
14765 15091
2882 2762
462 506
0.589460
--- Run 3 ---
312595 314158
68775 70425
14765 15091
2882 2762
462 506
0.588359
--- Run 4 ---
312595 314158
68775 70425
14765 15091
2882 2762
462 506
0.588088
--- Run 5 ---
312595 314158
68775 70425
14765 15091
2882 2762
462 506
0.590119


Configuration: Data Size = 120x120x120
Processes (P) = 96 | Grid = 6 x 4 x 4 | PPN = 48

--- Run 1 ---
312320 314000
68723 70335
14717 15041
2840 2728
432 476
0.593826
--- Run 2 ---
312320 314000
68723 70335
14717 15041
2840 2728
432 476
0.596146
--- Run 3 ---
312320 314000
68723 70335
14717 15041
2840 2728
432 476
0.595153
--- Run 4 ---
312320 314000
68723 70335
14717 15041
2840 2728
432 476
0.596165
--- Run 5 ---
312320 314000
68723 70335
14717 15041
2840 2728
432 476
0.594693


Configuration: Data Size = 240x240x240
Processes (P) = 32 | Grid = 4 x 4 x 2 | PPN = 32

--- Run 1 ---
32843485 32835192
15308801 15298691
9396708 9396013
6346072 6342994
4795394 4787258
4.460126
--- Run 2 ---
32843485 32835192
15308801 15298691
9396708 9396013
6346072 6342994
4795394 4787258
4.457394
--- Run 3 ---
32843485 32835192
15308801 15298691
9396708 9396013
6346072 6342994
4795394 4787258
4.459132
--- Run 4 ---
32843485 32835192
15308801 15298691
9396708 9396013
6346072 6342994
4795394 4787258
4.456291
--- Run 5 ---
32843485 32835192
15308801 15298691
9396708 9396013
6346072 6342994
4795394 4787258
4.461581


Configuration: Data Size = 240x240x240
Processes (P) = 48 | Grid = 6 x 4 x 2 | PPN = 48

--- Run 1 ---
32872585 32865411
15324714 15314847
9388639 9387412
6395132 6392245
4844390 4840103
5.231101
--- Run 2 ---
32872585 32865411
15324714 15314847
9388639 9387412
6395132 6392245
4844390 4840103
5.225456
--- Run 3 ---
32872585 32865411
15324714 15314847
9388639 9387412
6395132 6392245
4844390 4840103
5.229466
--- Run 4 ---
32872585 32865411
15324714 15314847
9388639 9387412
6395132 6392245
4844390 4840103
5.224309
--- Run 5 ---
32872585 32865411
15324714 15314847
9388639 9387412
6395132 6392245
4844390 4840103
5.182474


Configuration: Data Size = 240x240x240
Processes (P) = 64 | Grid = 4 x 4 x 4 | PPN = 32

--- Run 1 ---
32840621 32832553
15308801 15298691
9396708 9396013
6346072 6342994
4795394 4787258
5.149866
--- Run 2 ---
32840621 32832553
15308801 15298691
9396708 9396013
6346072 6342994
4795394 4787258
5.151501
--- Run 3 ---
32840621 32832553
15308801 15298691
9396708 9396013
6346072 6342994
4795394 4787258
5.148405
--- Run 4 ---
32840621 32832553
15308801 15298691
9396708 9396013
6346072 6342994
4795394 4787258
5.162679
--- Run 5 ---
32840621 32832553
15308801 15298691
9396708 9396013
6346072 6342994
4795394 4787258
5.247746


Configuration: Data Size = 240x240x240
Processes (P) = 96 | Grid = 6 x 4 x 4 | PPN = 48

--- Run 1 ---
32872256 32865146
15324714 15314847
9388639 9387412
6395132 6392245
4844390 4840103
5.210429
--- Run 2 ---
32872256 32865146
15324714 15314847
9388639 9387412
6395132 6392245
4844390 4840103
5.116869
--- Run 3 ---
32872256 32865146
15324714 15314847
9388639 9387412
6395132 6392245
4844390 4840103
5.115310
--- Run 4 ---
32872256 32865146
15324714 15314847
9388639 9387412
6395132 6392245
4844390 4840103
5.119397
--- Run 5 ---
32872256 32865146
15324714 15314847
9388639 9387412
6395132 6392245
4844390 4840103
5.128658

