==========================================
SLURM_CLUSTER_NAME = paramrudra
SLURM_ARRAY_JOB_ID = 
SLURM_ARRAY_TASK_ID = 
SLURM_ARRAY_TASK_COUNT = 
SLURM_ARRAY_TASK_MAX = 
SLURM_ARRAY_TASK_MIN = 
SLURM_JOB_ACCOUNT = iitk
SLURM_JOB_ID = 3059
SLURM_JOB_NAME = job633
SLURM_JOB_NODELIST = rdcn[25-26]
SLURM_JOB_USER = iitk_38
SLURM_JOB_UID = 55339
SLURM_JOB_PARTITION = cpu
SLURM_TASK_PID = 850947
SLURM_SUBMIT_DIR = /home/iitk_38/assignment1
SLURM_CPUS_ON_NODE = 16
SLURM_NTASKS = 32
SLURM_TASK_PID = 850947
==========================================
99936.000000 1416360.081579 0.383852
99936.000000 1416360.081579 0.382943
99936.000000 1416360.081579 0.382055
99936.000000 1416360.081579 0.383597
99936.000000 1416360.081579 0.381676

