==========================================
SLURM_CLUSTER_NAME = paramrudra
SLURM_ARRAY_JOB_ID = 
SLURM_ARRAY_TASK_ID = 
SLURM_ARRAY_TASK_COUNT = 
SLURM_ARRAY_TASK_MAX = 
SLURM_ARRAY_TASK_MIN = 
SLURM_JOB_ACCOUNT = iitk
SLURM_JOB_ID = 3063
SLURM_JOB_NAME = job633
SLURM_JOB_NODELIST = rdcn[25-26]
SLURM_JOB_USER = iitk_38
SLURM_JOB_UID = 55339
SLURM_JOB_PARTITION = cpu
SLURM_TASK_PID = 852615
SLURM_SUBMIT_DIR = /home/iitk_38/assignment1
SLURM_CPUS_ON_NODE = 16
SLURM_NTASKS = 32
SLURM_TASK_PID = 852615
==========================================
99936.000000 1416360.081587 1.223128
99936.000000 1416360.081587 1.244415
99936.000000 1416360.081587 1.283312
99936.000000 1416360.081587 1.274608
99936.000000 1416360.081587 1.267510

